g(1-1 1)
Done - 1-1 1
g(1-2 2)
Done - 1-2 2
Done - 1-1 1
Done - 1-2 2
g(2-1 1)
Done - 2-1 1
g(2-2 2)
Done - 2-2 2
Done - 2-1 1
Done - 2-2 2
g(1-1 1)
Done - 1-1 1
g(1-2 2)
Done - 1-2 2
Done - 1-1 1
Done - 1-2 2
g(2-1 1)
Done - 2-1 1
g(2-2 2)
Done - 2-2 2
Done - 2-1 1
Done - 2-2 2
