g(1)
2
2
g(2)
3
3
g(1)
2
2
g(2)
3
3
g(1)
2
2
g(2)
3
3
g(1)
2
2
g(2)
3
3
