xxx Hello world
xxx \begin{doc}

xxx Hello world

xxx Another line
xxx \end{doc}
xxx Hello worlabbbbcd
