In section, x is 2
In f, x is 1
In body, x is 2
Body is 10
