The following line should be: Y = 1 + 2 + 3
Y = 1 + 2 + 3
The following line should be: G[3] = 1 + 2 + 3
G[3] = 1 + 2 + 3
